2020-10-04 13:20:39,971 - INFO - Current time: Sun Oct  4 13:20:39 2020
2020-10-04 13:20:41,974 - INFO - Current time: Sun Oct  4 13:20:41 2020
2020-10-04 13:20:43,977 - INFO - Current time: Sun Oct  4 13:20:43 2020
2020-10-04 13:20:45,980 - INFO - Current time: Sun Oct  4 13:20:45 2020
2020-10-04 13:20:47,983 - INFO - Current time: Sun Oct  4 13:20:47 2020
2020-10-04 13:51:02,559 - INFO - Current time: Sun Oct  4 13:51:02 2020
2020-10-04 13:51:04,562 - INFO - Current time: Sun Oct  4 13:51:04 2020
2020-10-04 13:51:06,563 - INFO - Current time: Sun Oct  4 13:51:06 2020
2020-10-04 13:51:08,566 - INFO - Current time: Sun Oct  4 13:51:08 2020
2020-10-07 19:06:37,989 - INFO - Current time: Wed Oct  7 19:06:37 2020
2020-10-07 19:06:39,994 - INFO - Current time: Wed Oct  7 19:06:39 2020
2020-10-07 19:06:41,996 - INFO - Current time: Wed Oct  7 19:06:41 2020
2020-10-07 19:06:43,999 - INFO - Current time: Wed Oct  7 19:06:43 2020
2020-10-07 19:54:35,156 - INFO - Current time: Wed Oct  7 19:54:35 2020
2020-10-07 19:54:37,158 - INFO - Current time: Wed Oct  7 19:54:37 2020
